1.5841
5.0616
7.3052
0.9583
3.0000
528.6780
-1.
3.0062
0.0187
0.2270
0.0459